// Jest Snapshot v1, https://goo.gl/fbAQLP

exports[`<NavBar /> Should render self 1`] = `
<nav
  class="NavBar navbar"
>
  <div
    class="navbar-brand"
  >
    <a
      aria-current="page"
      class="NavLInkBrand navbar-item active"
      href="/"
    >
      <img
        alt="Pinterest"
        src="test-file-stub"
      />
      <span
        class="BrandName is-size-5"
      >
        Pinterest
      </span>
    </a>
    <button
      class="navbar-burger burger"
      type="button"
    >
      <span />
      <span />
      <span />
    </button>
  </div>
  <div
    class="navbar-menu"
  >
    <div
      class="navbar-start"
      role="button"
      tabindex="0"
    >
      <a
        class="navbar-item"
        href="/feed"
      >
        News
      </a>
      <a
        class="navbar-item"
        href="/people"
      >
        People
      </a>
      <a
        class="navbar-item"
        href="/food"
      >
        Food
      </a>
      <a
        class="navbar-item"
        href="/admin"
      >
        Admin
      </a>
      <a
        class="navbar-item"
        href="/more"
      >
        More
      </a>
      <div
        class="SearchBar control has-icons-left navbar-item"
      >
        <input
          class="input"
          placeholder="Find a Pintrest"
          type="text"
        />
        <span
          class="icon is-small is-left"
        >
          <i
            class="fa fa fa-search"
          />
        </span>
      </div>
    </div>
    <div
      class="navbar-end"
    >
      <div
        class="NotificationsTray navbar-item"
      >
        <button
          class="button"
          type="button"
        >
          <i
            class="fa fa-bell"
          />
          <span
            class="Notifications__Count"
          >
            7
            +
          </span>
        </button>
      </div>
      <div
        class="ProfileDropdown dropdown navbar-item"
      >
        <div
          class="dropdown-trigger"
        >
          <button
            aria-controls="ProfileDropdown"
            aria-haspopup="true"
            class="button"
            data-testid="ProfileButton"
            type="button"
          >
            <img
              alt="Profile"
              class="image"
              src="test-file-stub"
            />
            <span
              class="icon is-small"
            >
              <i
                aria-hidden="true"
                class="fa fa-caret-down"
              />
            </span>
          </button>
        </div>
        <div
          class="dropdown-menu"
          id="ProfileDropdown"
          role="menu"
        >
          <div
            class="dropdown-content"
            role="button"
            tabindex="0"
          >
            <a
              class="dropdown-item"
              href="/profile/1"
            >
              Profile
            </a>
            <a
              class="dropdown-item"
              href="/settings"
            >
              Settings
            </a>
            <a
              class="dropdown-item"
              href="/sign-out"
            >
              Sign Out
            </a>
          </div>
        </div>
      </div>
    </div>
  </div>
</nav>
`;
